[Licensing::Module] Trying to connect to existing licensing client channel...
Built from '6000.0/staging' branch; Version is '6000.0.61f1 (74a0adb02c31) revision 7643309'; Using compiler version '193933523'; Build Type 'Release'
[Licensing::IpcConnector] Successfully connected to: "LicenseClient-danie" at "2026-04-23T02:01:28.7375308Z"
OS: 'Windows 11  (10.0.26200) 64bit Core' Language: 'pt' Physical Memory: 32332 MB
BatchMode: 1, IsHumanControllingUs: 0, StartBugReporterOnCrash: 0, Is64bit: 1
Date: 2026-04-23T02:01:28Z

COMMAND LINE ARGUMENTS:
C:\Program Files\Unity\Hub\Editor\6000.0.61f1\Editor\Unity.exe
-adb2
-batchMode
-noUpm
-name
AssetImportWorker1
-projectPath
C:/Users/danie/Documents/GitHub/Echoes_of_Dispair/Echoes of Dispair
-logFile
Logs/AssetImportWorker1.log
-srvPort
55429
-licensingIpc
LicenseClient-danie
-job-worker-count
5
-background-job-worker-count
8
-gc-helper-count
1
-name
AssetImport
Successfully changed project path to: C:/Users/danie/Documents/GitHub/Echoes_of_Dispair/Echoes of Dispair
C:/Users/danie/Documents/GitHub/Echoes_of_Dispair/Echoes of Dispair
[UnityMemory] Configuration Parameters - Can be set up in boot.config
    "memorysetup-bucket-allocator-granularity=16"
    "memorysetup-bucket-allocator-bucket-count=8"
    "memorysetup-bucket-allocator-block-size=33554432"
    "memorysetup-bucket-allocator-block-count=8"
    "memorysetup-main-allocator-block-size=16777216"
    "memorysetup-thread-allocator-block-size=16777216"
    "memorysetup-gfx-main-allocator-block-size=16777216"
    "memorysetup-gfx-thread-allocator-block-size=16777216"
    "memorysetup-cache-allocator-block-size=4194304"
    "memorysetup-typetree-allocator-block-size=2097152"
    "memorysetup-profiler-bucket-allocator-granularity=16"
    "memorysetup-profiler-bucket-allocator-bucket-count=8"
    "memorysetup-profiler-bucket-allocator-block-size=33554432"
    "memorysetup-profiler-bucket-allocator-block-count=8"
    "memorysetup-profiler-allocator-block-size=16777216"
    "memorysetup-profiler-editor-allocator-block-size=1048576"
    "memorysetup-temp-allocator-size-main=16777216"
    "memorysetup-job-temp-allocator-block-size=2097152"
    "memorysetup-job-temp-allocator-block-size-background=1048576"
    "memorysetup-job-temp-allocator-reduction-small-platforms=262144"
    "memorysetup-allocator-temp-initial-block-size-main=262144"
    "memorysetup-allocator-temp-initial-block-size-worker=262144"
    "memorysetup-temp-allocator-size-background-worker=32768"
    "memorysetup-temp-allocator-size-job-worker=262144"
    "memorysetup-temp-allocator-size-preload-manager=33554432"
    "memorysetup-temp-allocator-size-nav-mesh-worker=65536"
    "memorysetup-temp-allocator-size-audio-worker=65536"
    "memorysetup-temp-allocator-size-cloud-worker=32768"
    "memorysetup-temp-allocator-size-gi-baking-worker=262144"
    "memorysetup-temp-allocator-size-gi-baking-worker=262144"
    "memorysetup-temp-allocator-size-gi-baking-worker=262144"
    "memorysetup-temp-allocator-size-gi-baking-worker=262144"
    "memorysetup-temp-allocator-size-gi-baking-worker=262144"
    "memorysetup-temp-allocator-size-gfx=262144"
Player connection [10792]  Target information:

Player connection [10792]  * "[IP] 192.168.1.245 [Port] 0 [Flags] 2 [Guid] 487054677 [EditorId] 487054677 [Version] 1048832 [Id] WindowsEditor(7,DESKTOP-BF7GFHI) [Debug] 1 [PackageName] WindowsEditor [ProjectName] Editor" 

Player connection [10792] Host joined multi-casting on [225.0.0.222:54997]...
Player connection [10792] Host joined alternative multi-casting on [225.0.0.222:34997]...
JobSystem: Creating JobQueue using job-worker-count value 5
Input System module state changed to: Initialized.
[Physics::Module] Initialized fallback backend.
[Physics::Module] Id: 0xdecafbad
[Licensing::Client] Code 10 while verifying Licensing Client signature (process Id: 24724, path: "C:/Program Files/Unity Hub/UnityLicensingClient_V1/Unity.Licensing.Client.exe")
[Licensing::Module] LicensingClient has failed validation; ignoring
[Licensing::Client] Handshaking with LicensingClient:
  Version:                 1.17.3+a4e98f1
  Session Id:              328fe2ac211b402a9613d758d34b5112
  Correlation Id:          e42fc12464b242fa13f36d1dcd4dcf16
  External correlation Id: 3210780895812159146
  Machine Id:              ns1IhdgJhvidj9r9A3V++lf3kEs=
[Licensing::Module] Successfully connected to LicensingClient on channel: "LicenseClient-danie" (connect: 0.00s, validation: 0.00s, handshake: 0.04s)
[Licensing::IpcConnector] Successfully connected to: "LicenseClient-danie-notifications" at "2026-04-23T02:01:28.781608Z"
[Licensing::Module] Licensing Background thread has ended after 0.04s
Library Redirect Path: Library/
[Physics::Module] Selected backend.
[Physics::Module] Name: PhysX
[Physics::Module] Id: 0xf2b8ea05
[Physics::Module] SDK Version: 4.1.2
[Physics::Module] Integration Version: 1.0.0
[Physics::Module] Threading Mode: Multi-Threaded
Refreshing native plugins compatible for Editor in 1.31 ms, found 3 plugins.
Preloading 0 native plugins for Editor in 0.00 ms.
Initialize engine version: 6000.0.61f1 (74a0adb02c31)
[Subsystems] Discovering subsystems at path C:/Program Files/Unity/Hub/Editor/6000.0.61f1/Editor/Data/Resources/UnitySubsystems
[Subsystems] Discovering subsystems at path C:/Users/danie/Documents/GitHub/Echoes_of_Dispair/Echoes of Dispair/Assets
GfxDevice: creating device client; kGfxThreadingModeNonThreaded
Direct3D:
    Version:  Direct3D 11.0 [level 11.1]
    Renderer: AMD Radeon RX 7700 XT (ID=0x747e)
    Vendor:   ATI
    VRAM:     12062 MB
    Driver:   32.0.12033.1030
Initialize mono
Mono path[0] = 'C:/Program Files/Unity/Hub/Editor/6000.0.61f1/Editor/Data/Managed'
Mono path[1] = 'C:/Program Files/Unity/Hub/Editor/6000.0.61f1/Editor/Data/MonoBleedingEdge/lib/mono/unityjit-win32'
Mono config path = 'C:/Program Files/Unity/Hub/Editor/6000.0.61f1/Editor/Data/MonoBleedingEdge/etc'
Using monoOptions --debugger-agent=transport=dt_socket,embedding=1,server=y,suspend=n,address=127.0.0.1:56900
Begin MonoManager ReloadAssembly
Registering precompiled unity dll's ...
Register platform support module: C:/Program Files/Unity/Hub/Editor/6000.0.61f1/Editor/Data/PlaybackEngines/WindowsStandaloneSupport/UnityEditor.WindowsStandalone.Extensions.dll
Registered in 0.002792 seconds.
- Loaded All Assemblies, in  0.253 seconds
Native extension for WindowsStandalone target not found
Mono: successfully reloaded assembly
- Finished resetting the current domain, in  0.209 seconds
Domain Reload Profiling: 462ms
	BeginReloadAssembly (85ms)
		ExecutionOrderSort (0ms)
		DisableScriptedObjects (0ms)
		BackupInstance (0ms)
		ReleaseScriptingObjects (0ms)
		CreateAndSetChildDomain (0ms)
	RebuildCommonClasses (27ms)
	RebuildNativeTypeToScriptingClass (9ms)
	initialDomainReloadingComplete (35ms)
	LoadAllAssembliesAndSetupDomain (96ms)
		LoadAssemblies (83ms)
		RebuildTransferFunctionScriptingTraits (0ms)
		AnalyzeDomain (94ms)
			TypeCache.Refresh (93ms)
				TypeCache.ScanAssembly (84ms)
			BuildScriptInfoCaches (0ms)
			ResolveRequiredComponents (0ms)
	FinalizeReload (210ms)
		ReleaseScriptCaches (0ms)
		RebuildScriptCaches (0ms)
		SetupLoadedEditorAssemblies (186ms)
			LogAssemblyErrors (0ms)
			InitializePlatformSupportModulesInManaged (13ms)
			SetLoadedEditorAssemblies (3ms)
			BeforeProcessingInitializeOnLoad (39ms)
			ProcessInitializeOnLoadAttributes (95ms)
			ProcessInitializeOnLoadMethodAttributes (37ms)
			AfterProcessingInitializeOnLoad (0ms)
			EditorAssembliesLoaded (0ms)
		ExecutionOrderSort2 (0ms)
		AwakeInstancesAfterBackupRestoration (0ms)
========================================================================
Worker process is ready to serve import requests
Import Worker Mode flag is 0x00
Begin MonoManager ReloadAssembly
[Licensing::Client] Successfully resolved entitlement details
[Licensing::Module] License group:
  Id: 6872787652608-dan_smcb-UnityProStuXXXX
  Product: Unity Student
  Type: Assigned
  Expiration: 2026-10-18T20:06:43Z
- Loaded All Assemblies, in  0.522 seconds
Refreshing native plugins compatible for Editor in 0.49 ms, found 3 plugins.
Native extension for WindowsStandalone target not found
Package Manager log level set to [2]
[Package Manager] Failed to launch server process. Reason: Unity was launched with the -noUpm command-line argument
[Package Manager] Unable to send message (not connected to server process).
[Package Manager] Cannot connect to Unity Package Manager local server
Mono: successfully reloaded assembly
- Finished resetting the current domain, in  0.513 seconds
Domain Reload Profiling: 1031ms
	BeginReloadAssembly (131ms)
		ExecutionOrderSort (0ms)
		DisableScriptedObjects (6ms)
		BackupInstance (0ms)
		ReleaseScriptingObjects (0ms)
		CreateAndSetChildDomain (29ms)
	RebuildCommonClasses (27ms)
	RebuildNativeTypeToScriptingClass (9ms)
	initialDomainReloadingComplete (27ms)
	LoadAllAssembliesAndSetupDomain (325ms)
		LoadAssemblies (221ms)
		RebuildTransferFunctionScriptingTraits (0ms)
		AnalyzeDomain (165ms)
			TypeCache.Refresh (119ms)
				TypeCache.ScanAssembly (110ms)
			BuildScriptInfoCaches (37ms)
			ResolveRequiredComponents (7ms)
	FinalizeReload (513ms)
		ReleaseScriptCaches (0ms)
		RebuildScriptCaches (0ms)
		SetupLoadedEditorAssemblies (390ms)
			LogAssemblyErrors (0ms)
			InitializePlatformSupportModulesInManaged (2ms)
			SetLoadedEditorAssemblies (4ms)
			BeforeProcessingInitializeOnLoad (83ms)
			ProcessInitializeOnLoadAttributes (268ms)
			ProcessInitializeOnLoadMethodAttributes (31ms)
			AfterProcessingInitializeOnLoad (3ms)
			EditorAssembliesLoaded (0ms)
		ExecutionOrderSort2 (0ms)
		AwakeInstancesAfterBackupRestoration (4ms)
Launched and connected shader compiler UnityShaderCompiler.exe after 0.01 seconds
Refreshing native plugins compatible for Editor in 0.64 ms, found 3 plugins.
Preloading 0 native plugins for Editor in 0.00 ms.
Unloading 13 Unused Serialized files (Serialized files now loaded: 0)
Unloading 6170 unused Assets / (4.2 MB). Loaded Objects now: 6877.
Memory consumption went from 131.8 MB to 127.6 MB.
Total: 6.135900 ms (FindLiveObjects: 0.611500 ms CreateObjectMapping: 0.256700 ms MarkObjects: 3.607800 ms  DeleteObjects: 1.658900 ms)

========================================================================
Received Import Request.
  Time since last request: 47334.008140 seconds.
  path: Assets/Scripts/map-logic/CardRewardOptionUI.cs
  artifactKey: Guid(cdea74342de553f48bbcdf68409c2693) Importer(2089858483,192608db42251d675da83286b1cce702)
Start importing Assets/Scripts/map-logic/CardRewardOptionUI.cs using Guid(cdea74342de553f48bbcdf68409c2693) Importer(2089858483,192608db42251d675da83286b1cce702) (ScriptedImporter) -> (artifact id: '80d4f790dd5341d6cd58f91b81fb8559') in 0.1265165 seconds
Number of updated asset objects reloaded before import = 0Number of asset objects unloaded after import = 0

========================================================================
Received Import Request.
  Time since last request: 408.153441 seconds.
  path: Assets/Textures/Human Deck 2/boil_water_tex.png
  artifactKey: Guid(830852c39f675794f801a00922e19ecc) Importer(815301076,1909f56bfc062723c751e8b465ee728b)
Start importing Assets/Textures/Human Deck 2/boil_water_tex.png using Guid(830852c39f675794f801a00922e19ecc) Importer(815301076,1909f56bfc062723c751e8b465ee728b) (PreviewImporter) -> (artifact id: '6b2394b254b2277391789fea1dc28322') in 0.0520875 seconds
Number of updated asset objects reloaded before import = 0Number of asset objects unloaded after import = 2

========================================================================
Received Import Request.
  Time since last request: 0.000020 seconds.
  path: Assets/Textures/Human Deck 2/self-isolation_tex.png
  artifactKey: Guid(f7f687ad1f947d14da47de4c4e87cccd) Importer(815301076,1909f56bfc062723c751e8b465ee728b)
Start importing Assets/Textures/Human Deck 2/self-isolation_tex.png using Guid(f7f687ad1f947d14da47de4c4e87cccd) Importer(815301076,1909f56bfc062723c751e8b465ee728b) (PreviewImporter) -> (artifact id: '003fffae9fd84c0c911847a74936658d') in 0.013729 seconds
Number of updated asset objects reloaded before import = 0Number of asset objects unloaded after import = 2

========================================================================
Received Import Request.
  Time since last request: 0.000023 seconds.
  path: Assets/Textures/Human Deck 2/mask_usage_tex.png
  artifactKey: Guid(06ff9bd47fc196b4f89066659eda9cb9) Importer(815301076,1909f56bfc062723c751e8b465ee728b)
Start importing Assets/Textures/Human Deck 2/mask_usage_tex.png using Guid(06ff9bd47fc196b4f89066659eda9cb9) Importer(815301076,1909f56bfc062723c751e8b465ee728b) (PreviewImporter) -> (artifact id: '7a9e370845c73e9f5cecc8ef3dc9bbbf') in 0.0107775 seconds
Number of updated asset objects reloaded before import = 0Number of asset objects unloaded after import = 2

========================================================================
Received Import Request.
  Time since last request: 0.000015 seconds.
  path: Assets/Textures/Human Deck 2/hand_washing_tex.png
  artifactKey: Guid(6711a802d36572a46805d91bfa141807) Importer(815301076,1909f56bfc062723c751e8b465ee728b)
Start importing Assets/Textures/Human Deck 2/hand_washing_tex.png using Guid(6711a802d36572a46805d91bfa141807) Importer(815301076,1909f56bfc062723c751e8b465ee728b) (PreviewImporter) -> (artifact id: '7be64e5034ed978e7d5c108ce6de51b5') in 0.0140678 seconds
Number of updated asset objects reloaded before import = 0Number of asset objects unloaded after import = 2

========================================================================
Received Import Request.
  Time since last request: 0.745509 seconds.
  path: Assets/Textures/Human Deck 2/boil_water_tex.png
  artifactKey: Guid(830852c39f675794f801a00922e19ecc) Importer(2089858483,192608db42251d675da83286b1cce702)
Start importing Assets/Textures/Human Deck 2/boil_water_tex.png using Guid(830852c39f675794f801a00922e19ecc) Importer(2089858483,192608db42251d675da83286b1cce702) (ScriptedImporter) -> (artifact id: '365fbca6920ee28875c7d838a477d860') in 0.0389645 seconds
Number of updated asset objects reloaded before import = 0Number of asset objects unloaded after import = 1

========================================================================
Received Import Request.
  Time since last request: 0.000018 seconds.
  path: Assets/Textures/Human Deck 2/use_sanitizer_tex.png
  artifactKey: Guid(a3471860bf0b7764880d528d5e8d1fe4) Importer(2089858483,192608db42251d675da83286b1cce702)
Start importing Assets/Textures/Human Deck 2/use_sanitizer_tex.png using Guid(a3471860bf0b7764880d528d5e8d1fe4) Importer(2089858483,192608db42251d675da83286b1cce702) (ScriptedImporter) -> (artifact id: 'a3a6aedfda24d0fbc74651f62029c2db') in 0.016437 seconds
Number of updated asset objects reloaded before import = 0Number of asset objects unloaded after import = 1

========================================================================
Received Import Request.
  Time since last request: 0.000018 seconds.
  path: Assets/Textures/Human Deck 2/mask_usage_tex.png
  artifactKey: Guid(06ff9bd47fc196b4f89066659eda9cb9) Importer(2089858483,192608db42251d675da83286b1cce702)
Start importing Assets/Textures/Human Deck 2/mask_usage_tex.png using Guid(06ff9bd47fc196b4f89066659eda9cb9) Importer(2089858483,192608db42251d675da83286b1cce702) (ScriptedImporter) -> (artifact id: '6a7ed1d29a64ee62a2ffd5709f7d6a0d') in 0.0160872 seconds
Number of updated asset objects reloaded before import = 0Number of asset objects unloaded after import = 1

========================================================================
Received Import Request.
  Time since last request: 0.000017 seconds.
  path: Assets/Textures/Human Deck 2/lockdown_measures_tex.png
  artifactKey: Guid(e46c0d8fc66005948a9137fabee0e32c) Importer(2089858483,192608db42251d675da83286b1cce702)
Start importing Assets/Textures/Human Deck 2/lockdown_measures_tex.png using Guid(e46c0d8fc66005948a9137fabee0e32c) Importer(2089858483,192608db42251d675da83286b1cce702) (ScriptedImporter) -> (artifact id: '9f57728eb83af72c6f29b788ca7150c5') in 0.0139432 seconds
Number of updated asset objects reloaded before import = 0Number of asset objects unloaded after import = 1

========================================================================
Received Import Request.
  Time since last request: 206.355927 seconds.
  path: Assets/Textures/Plague Deck/delayed_symptoms_tex.png
  artifactKey: Guid(429180629b8fb2d40b07d7a0c06c1e26) Importer(815301076,1909f56bfc062723c751e8b465ee728b)
Start importing Assets/Textures/Plague Deck/delayed_symptoms_tex.png using Guid(429180629b8fb2d40b07d7a0c06c1e26) Importer(815301076,1909f56bfc062723c751e8b465ee728b) (PreviewImporter) -> (artifact id: 'adb1cda0c082a18b530fa0382f9de7aa') in 0.012546 seconds
Number of updated asset objects reloaded before import = 0Number of asset objects unloaded after import = 2

========================================================================
Received Import Request.
  Time since last request: 0.000015 seconds.
  path: Assets/Textures/Plague Deck/rapid_mutation_tex.png
  artifactKey: Guid(f1b981df08a461a4190dea230b75286a) Importer(815301076,1909f56bfc062723c751e8b465ee728b)
Start importing Assets/Textures/Plague Deck/rapid_mutation_tex.png using Guid(f1b981df08a461a4190dea230b75286a) Importer(815301076,1909f56bfc062723c751e8b465ee728b) (PreviewImporter) -> (artifact id: 'c33a4f2594262a5b637d6fbac26131c7') in 0.0118411 seconds
Number of updated asset objects reloaded before import = 0Number of asset objects unloaded after import = 2

========================================================================
Received Import Request.
  Time since last request: 0.000011 seconds.
  path: Assets/Textures/Plague Deck/urban_transmission_tex.png
  artifactKey: Guid(d6b5761f607ee4748a4336b91957ac71) Importer(815301076,1909f56bfc062723c751e8b465ee728b)
Start importing Assets/Textures/Plague Deck/urban_transmission_tex.png using Guid(d6b5761f607ee4748a4336b91957ac71) Importer(815301076,1909f56bfc062723c751e8b465ee728b) (PreviewImporter) -> (artifact id: '1ab0e3307329cd7a86d3343b6e673cce') in 0.0125501 seconds
Number of updated asset objects reloaded before import = 0Number of asset objects unloaded after import = 2

========================================================================
Received Import Request.
  Time since last request: 0.000017 seconds.
  path: Assets/Textures/Plague Deck/pandemic_tex.png
  artifactKey: Guid(562203d74b677774ebe2694277793bf0) Importer(815301076,1909f56bfc062723c751e8b465ee728b)
Start importing Assets/Textures/Plague Deck/pandemic_tex.png using Guid(562203d74b677774ebe2694277793bf0) Importer(815301076,1909f56bfc062723c751e8b465ee728b) (PreviewImporter) -> (artifact id: '4c0a9394185a026409406c86e5623360') in 0.0099782 seconds
Number of updated asset objects reloaded before import = 0Number of asset objects unloaded after import = 2

========================================================================
Received Import Request.
  Time since last request: 0.000022 seconds.
  path: Assets/Textures/Plague Deck/global_pandemic_tex.png
  artifactKey: Guid(f5d6394eaae7cd0468ecc31998ff20cf) Importer(815301076,1909f56bfc062723c751e8b465ee728b)
Start importing Assets/Textures/Plague Deck/global_pandemic_tex.png using Guid(f5d6394eaae7cd0468ecc31998ff20cf) Importer(815301076,1909f56bfc062723c751e8b465ee728b) (PreviewImporter) -> (artifact id: 'b49cd3a332ea9497d5363a37be28da23') in 0.0120616 seconds
Number of updated asset objects reloaded before import = 0Number of asset objects unloaded after import = 2

========================================================================
Received Import Request.
  Time since last request: 0.755440 seconds.
  path: Assets/Textures/Plague Deck/airborne_spread_tex.png
  artifactKey: Guid(e71b8767595d91d4d9660e68be308a5d) Importer(2089858483,192608db42251d675da83286b1cce702)
Start importing Assets/Textures/Plague Deck/airborne_spread_tex.png using Guid(e71b8767595d91d4d9660e68be308a5d) Importer(2089858483,192608db42251d675da83286b1cce702) (ScriptedImporter) -> (artifact id: '046587d229b6346dca4dbf1797ddb9d5') in 0.014051 seconds
Number of updated asset objects reloaded before import = 0Number of asset objects unloaded after import = 1

========================================================================
Received Import Request.
  Time since last request: 0.000017 seconds.
  path: Assets/Textures/Plague Deck/delayed_symptoms_tex.png
  artifactKey: Guid(429180629b8fb2d40b07d7a0c06c1e26) Importer(2089858483,192608db42251d675da83286b1cce702)
Start importing Assets/Textures/Plague Deck/delayed_symptoms_tex.png using Guid(429180629b8fb2d40b07d7a0c06c1e26) Importer(2089858483,192608db42251d675da83286b1cce702) (ScriptedImporter) -> (artifact id: '26028aa1dccaea2bbbbee11f38e46dc4') in 0.0139015 seconds
Number of updated asset objects reloaded before import = 0Number of asset objects unloaded after import = 1

========================================================================
Received Import Request.
  Time since last request: 0.000027 seconds.
  path: Assets/Textures/Plague Deck/rapid_mutation_tex.png
  artifactKey: Guid(f1b981df08a461a4190dea230b75286a) Importer(2089858483,192608db42251d675da83286b1cce702)
Start importing Assets/Textures/Plague Deck/rapid_mutation_tex.png using Guid(f1b981df08a461a4190dea230b75286a) Importer(2089858483,192608db42251d675da83286b1cce702) (ScriptedImporter) -> (artifact id: '6eea7a2b7eef53b722194f8d94bc9a85') in 0.0150206 seconds
Number of updated asset objects reloaded before import = 0Number of asset objects unloaded after import = 1

========================================================================
Received Import Request.
  Time since last request: 0.000016 seconds.
  path: Assets/Textures/Plague Deck/silent_spread_tex.png
  artifactKey: Guid(9b551a6151a2b8046a7418e0b68d55f6) Importer(2089858483,192608db42251d675da83286b1cce702)
Start importing Assets/Textures/Plague Deck/silent_spread_tex.png using Guid(9b551a6151a2b8046a7418e0b68d55f6) Importer(2089858483,192608db42251d675da83286b1cce702) (ScriptedImporter) -> (artifact id: 'f311ae77ec6d5804944f13f493518e20') in 0.0123352 seconds
Number of updated asset objects reloaded before import = 0Number of asset objects unloaded after import = 1

========================================================================
Received Import Request.
  Time since last request: 0.000015 seconds.
  path: Assets/Textures/Plague Deck/urban_transmission_tex.png
  artifactKey: Guid(d6b5761f607ee4748a4336b91957ac71) Importer(2089858483,192608db42251d675da83286b1cce702)
Start importing Assets/Textures/Plague Deck/urban_transmission_tex.png using Guid(d6b5761f607ee4748a4336b91957ac71) Importer(2089858483,192608db42251d675da83286b1cce702) (ScriptedImporter) -> (artifact id: '3690692a329f3fbb2f35a8de719c69b7') in 0.0170021 seconds
Number of updated asset objects reloaded before import = 0Number of asset objects unloaded after import = 1

========================================================================
Received Import Request.
  Time since last request: 113.390342 seconds.
  path: Assets/Sprites/Human Deck 2/boil_water.png
  artifactKey: Guid(59daa966b2b00ca4e84ea36d99f94993) Importer(815301076,1909f56bfc062723c751e8b465ee728b)
Start importing Assets/Sprites/Human Deck 2/boil_water.png using Guid(59daa966b2b00ca4e84ea36d99f94993) Importer(815301076,1909f56bfc062723c751e8b465ee728b) (PreviewImporter) -> (artifact id: '41690dfd09c4929351fa46fe22e699f7') in 0.0133063 seconds
Number of updated asset objects reloaded before import = 0Number of asset objects unloaded after import = 2

========================================================================
Received Import Request.
  Time since last request: 0.000545 seconds.
  path: Assets/Sprites/Human Deck 2/stock_essentials.png
  artifactKey: Guid(183c8056b47aa6c4e9d3b13ce7e829af) Importer(815301076,1909f56bfc062723c751e8b465ee728b)
Start importing Assets/Sprites/Human Deck 2/stock_essentials.png using Guid(183c8056b47aa6c4e9d3b13ce7e829af) Importer(815301076,1909f56bfc062723c751e8b465ee728b) (PreviewImporter) -> (artifact id: 'f220e774a281c694b3de29b34f2d692c') in 0.0113742 seconds
Number of updated asset objects reloaded before import = 0Number of asset objects unloaded after import = 2

========================================================================
Received Import Request.
  Time since last request: 0.000028 seconds.
  path: Assets/Sprites/Human Deck 2/lockdown_measures.png
  artifactKey: Guid(ac0ee63e73c2fea4ea297109b1af4d1a) Importer(815301076,1909f56bfc062723c751e8b465ee728b)
Start importing Assets/Sprites/Human Deck 2/lockdown_measures.png using Guid(ac0ee63e73c2fea4ea297109b1af4d1a) Importer(815301076,1909f56bfc062723c751e8b465ee728b) (PreviewImporter) -> (artifact id: '5db01d608b3064052d4821ce3afc3655') in 0.0120438 seconds
Number of updated asset objects reloaded before import = 0Number of asset objects unloaded after import = 2

========================================================================
Received Import Request.
  Time since last request: 0.000011 seconds.
  path: Assets/Sprites/Human Deck 2/self-isolation.png
  artifactKey: Guid(88ba982362874494fad71b5604250ae4) Importer(815301076,1909f56bfc062723c751e8b465ee728b)
Start importing Assets/Sprites/Human Deck 2/self-isolation.png using Guid(88ba982362874494fad71b5604250ae4) Importer(815301076,1909f56bfc062723c751e8b465ee728b) (PreviewImporter) -> (artifact id: '010078a410b8b31d219e7332472b1378') in 0.0115831 seconds
Number of updated asset objects reloaded before import = 0Number of asset objects unloaded after import = 2

========================================================================
Received Import Request.
  Time since last request: 0.000014 seconds.
  path: Assets/Sprites/Human Deck 2/vaccination.png
  artifactKey: Guid(80ee2b5ddd4f0d34dbfd2c294ce92baa) Importer(815301076,1909f56bfc062723c751e8b465ee728b)
Start importing Assets/Sprites/Human Deck 2/vaccination.png using Guid(80ee2b5ddd4f0d34dbfd2c294ce92baa) Importer(815301076,1909f56bfc062723c751e8b465ee728b) (PreviewImporter) -> (artifact id: '3599cc2e5ce8ff1f637a09f7e18c1351') in 0.0111121 seconds
Number of updated asset objects reloaded before import = 0Number of asset objects unloaded after import = 2

========================================================================
Received Import Request.
  Time since last request: 0.781388 seconds.
  path: Assets/Sprites/Human Deck 2/avoid_crowds.png
  artifactKey: Guid(4e5cd7e60a36beb448c30a8a3584b078) Importer(2089858483,192608db42251d675da83286b1cce702)
Start importing Assets/Sprites/Human Deck 2/avoid_crowds.png using Guid(4e5cd7e60a36beb448c30a8a3584b078) Importer(2089858483,192608db42251d675da83286b1cce702) (ScriptedImporter) -> (artifact id: '17ee1e080c75591602b2dacaec29a4ad') in 0.0164994 seconds
Number of updated asset objects reloaded before import = 0Number of asset objects unloaded after import = 1

========================================================================
Received Import Request.
  Time since last request: 0.000018 seconds.
  path: Assets/Sprites/Human Deck 2/hand_washing.png
  artifactKey: Guid(ebf6ce77f3ee0e0479b9a8c49b773ef3) Importer(2089858483,192608db42251d675da83286b1cce702)
Start importing Assets/Sprites/Human Deck 2/hand_washing.png using Guid(ebf6ce77f3ee0e0479b9a8c49b773ef3) Importer(2089858483,192608db42251d675da83286b1cce702) (ScriptedImporter) -> (artifact id: '5735ee52eaa942d7d6b3fce6f91cbd69') in 0.0142926 seconds
Number of updated asset objects reloaded before import = 0Number of asset objects unloaded after import = 1

========================================================================
Received Import Request.
  Time since last request: 0.000015 seconds.
  path: Assets/Sprites/Human Deck 2/mask-usage.png
  artifactKey: Guid(8ae3f0758fa1d0c418cf542708ab92bc) Importer(2089858483,192608db42251d675da83286b1cce702)
Start importing Assets/Sprites/Human Deck 2/mask-usage.png using Guid(8ae3f0758fa1d0c418cf542708ab92bc) Importer(2089858483,192608db42251d675da83286b1cce702) (ScriptedImporter) -> (artifact id: '4e3c3468aedd3546dd0b5b7885f4de2a') in 0.0169402 seconds
Number of updated asset objects reloaded before import = 0Number of asset objects unloaded after import = 1

========================================================================
Received Import Request.
  Time since last request: 0.000017 seconds.
  path: Assets/Sprites/Human Deck 2/self-isolation.png
  artifactKey: Guid(88ba982362874494fad71b5604250ae4) Importer(2089858483,192608db42251d675da83286b1cce702)
Start importing Assets/Sprites/Human Deck 2/self-isolation.png using Guid(88ba982362874494fad71b5604250ae4) Importer(2089858483,192608db42251d675da83286b1cce702) (ScriptedImporter) -> (artifact id: 'bf0956f4f7419f74faee749d5b24bc96') in 0.0126838 seconds
Number of updated asset objects reloaded before import = 0Number of asset objects unloaded after import = 1

========================================================================
Received Import Request.
  Time since last request: 0.000023 seconds.
  path: Assets/Sprites/Human Deck 2/boil_water.png
  artifactKey: Guid(59daa966b2b00ca4e84ea36d99f94993) Importer(2089858483,192608db42251d675da83286b1cce702)
Start importing Assets/Sprites/Human Deck 2/boil_water.png using Guid(59daa966b2b00ca4e84ea36d99f94993) Importer(2089858483,192608db42251d675da83286b1cce702) (ScriptedImporter) -> (artifact id: '47c2f243cc34058096b33cc6467890a2') in 0.013274 seconds
Number of updated asset objects reloaded before import = 0Number of asset objects unloaded after import = 1

========================================================================
Received Import Request.
  Time since last request: 169.179463 seconds.
  path: Assets/Sprites/Plague Deck/delayed_symptoms.png
  artifactKey: Guid(786bac70372a43e49a6fcf5a6c5bfb78) Importer(815301076,1909f56bfc062723c751e8b465ee728b)
Start importing Assets/Sprites/Plague Deck/delayed_symptoms.png using Guid(786bac70372a43e49a6fcf5a6c5bfb78) Importer(815301076,1909f56bfc062723c751e8b465ee728b) (PreviewImporter) -> (artifact id: 'c6f0d826dfb3670165bf0fcc1f1dba48') in 0.0126375 seconds
Number of updated asset objects reloaded before import = 0Number of asset objects unloaded after import = 2

========================================================================
Received Import Request.
  Time since last request: 0.000021 seconds.
  path: Assets/Sprites/Plague Deck/silent_spread.png
  artifactKey: Guid(beeae3f26d61e2b4a86bd323fdf51a34) Importer(815301076,1909f56bfc062723c751e8b465ee728b)
Start importing Assets/Sprites/Plague Deck/silent_spread.png using Guid(beeae3f26d61e2b4a86bd323fdf51a34) Importer(815301076,1909f56bfc062723c751e8b465ee728b) (PreviewImporter) -> (artifact id: '316c1f5bff25f476b800483d9c398cd7') in 0.0123772 seconds
Number of updated asset objects reloaded before import = 0Number of asset objects unloaded after import = 2

========================================================================
Received Import Request.
  Time since last request: 0.000034 seconds.
  path: Assets/Sprites/Plague Deck/global_pandemic.png
  artifactKey: Guid(029927bba773b9a4981a6ac4d1b08d71) Importer(815301076,1909f56bfc062723c751e8b465ee728b)
Start importing Assets/Sprites/Plague Deck/global_pandemic.png using Guid(029927bba773b9a4981a6ac4d1b08d71) Importer(815301076,1909f56bfc062723c751e8b465ee728b) (PreviewImporter) -> (artifact id: '16c3f4bf3b116b3ede1c20810101b6e5') in 0.0125757 seconds
Number of updated asset objects reloaded before import = 0Number of asset objects unloaded after import = 2

========================================================================
Received Import Request.
  Time since last request: 0.000014 seconds.
  path: Assets/Sprites/Plague Deck/urban_transmission.png
  artifactKey: Guid(ddc5b04960b2d93488503f79df0c3082) Importer(815301076,1909f56bfc062723c751e8b465ee728b)
Start importing Assets/Sprites/Plague Deck/urban_transmission.png using Guid(ddc5b04960b2d93488503f79df0c3082) Importer(815301076,1909f56bfc062723c751e8b465ee728b) (PreviewImporter) -> (artifact id: '38685dd5402ca8d86aa2829d4d4480b1') in 0.0120014 seconds
Number of updated asset objects reloaded before import = 0Number of asset objects unloaded after import = 2

========================================================================
Received Import Request.
  Time since last request: 0.000016 seconds.
  path: Assets/Sprites/Plague Deck/rapid_mutation.png
  artifactKey: Guid(6af7b8afed89983439b176303a1ddf68) Importer(815301076,1909f56bfc062723c751e8b465ee728b)
Start importing Assets/Sprites/Plague Deck/rapid_mutation.png using Guid(6af7b8afed89983439b176303a1ddf68) Importer(815301076,1909f56bfc062723c751e8b465ee728b) (PreviewImporter) -> (artifact id: '6a1e8b4f0bf0bfc7b92aa01607f5584a') in 0.0115613 seconds
Number of updated asset objects reloaded before import = 0Number of asset objects unloaded after import = 2

========================================================================
Received Import Request.
  Time since last request: 0.739699 seconds.
  path: Assets/Sprites/Plague Deck/silent_spread.png
  artifactKey: Guid(beeae3f26d61e2b4a86bd323fdf51a34) Importer(2089858483,192608db42251d675da83286b1cce702)
Start importing Assets/Sprites/Plague Deck/silent_spread.png using Guid(beeae3f26d61e2b4a86bd323fdf51a34) Importer(2089858483,192608db42251d675da83286b1cce702) (ScriptedImporter) -> (artifact id: '1e9f9275d97352a33e246b3e3da7f40e') in 0.0152397 seconds
Number of updated asset objects reloaded before import = 0Number of asset objects unloaded after import = 1

========================================================================
Received Import Request.
  Time since last request: 0.000016 seconds.
  path: Assets/Sprites/Plague Deck/rapid_mutation.png
  artifactKey: Guid(6af7b8afed89983439b176303a1ddf68) Importer(2089858483,192608db42251d675da83286b1cce702)
Start importing Assets/Sprites/Plague Deck/rapid_mutation.png using Guid(6af7b8afed89983439b176303a1ddf68) Importer(2089858483,192608db42251d675da83286b1cce702) (ScriptedImporter) -> (artifact id: '3312a550867a6e5e79eec7b31c19d5ae') in 0.0151008 seconds
Number of updated asset objects reloaded before import = 0Number of asset objects unloaded after import = 1

========================================================================
Received Import Request.
  Time since last request: 0.000018 seconds.
  path: Assets/Sprites/Plague Deck/plague_of_nosoi.png
  artifactKey: Guid(9fa4f6f9a02f7734dbf145d2eee2de3a) Importer(2089858483,192608db42251d675da83286b1cce702)
Start importing Assets/Sprites/Plague Deck/plague_of_nosoi.png using Guid(9fa4f6f9a02f7734dbf145d2eee2de3a) Importer(2089858483,192608db42251d675da83286b1cce702) (ScriptedImporter) -> (artifact id: '050e1c9eb57c587a60af54be853416b3') in 0.0169868 seconds
Number of updated asset objects reloaded before import = 0Number of asset objects unloaded after import = 1

========================================================================
Received Import Request.
  Time since last request: 0.000033 seconds.
  path: Assets/Sprites/Plague Deck/global_pandemic.png
  artifactKey: Guid(029927bba773b9a4981a6ac4d1b08d71) Importer(2089858483,192608db42251d675da83286b1cce702)
Start importing Assets/Sprites/Plague Deck/global_pandemic.png using Guid(029927bba773b9a4981a6ac4d1b08d71) Importer(2089858483,192608db42251d675da83286b1cce702) (ScriptedImporter) -> (artifact id: '568164ee5f5fcfd94809aba042e1d54e') in 0.014073 seconds
Number of updated asset objects reloaded before import = 0Number of asset objects unloaded after import = 1

========================================================================
Received Import Request.
  Time since last request: 0.000015 seconds.
  path: Assets/Sprites/Plague Deck/surface_contamination.png
  artifactKey: Guid(ece1b6c373363774ea7c66d38c1261b4) Importer(2089858483,192608db42251d675da83286b1cce702)
Start importing Assets/Sprites/Plague Deck/surface_contamination.png using Guid(ece1b6c373363774ea7c66d38c1261b4) Importer(2089858483,192608db42251d675da83286b1cce702) (ScriptedImporter) -> (artifact id: 'a81f472c74b571a871d2745009b5052b') in 0.0140636 seconds
Number of updated asset objects reloaded before import = 0Number of asset objects unloaded after import = 1

========================================================================
Received Import Request.
  Time since last request: 0.000017 seconds.
  path: Assets/Sprites/Plague Deck/delayed_symptoms.png
  artifactKey: Guid(786bac70372a43e49a6fcf5a6c5bfb78) Importer(2089858483,192608db42251d675da83286b1cce702)
Start importing Assets/Sprites/Plague Deck/delayed_symptoms.png using Guid(786bac70372a43e49a6fcf5a6c5bfb78) Importer(2089858483,192608db42251d675da83286b1cce702) (ScriptedImporter) -> (artifact id: '132d79b65eb4915bbfae011284ec64b5') in 0.0153653 seconds
Number of updated asset objects reloaded before import = 0Number of asset objects unloaded after import = 1

========================================================================
Received Import Request.
  Time since last request: 0.000015 seconds.
  path: Assets/Sprites/Plague Deck/urban_transmission.png
  artifactKey: Guid(ddc5b04960b2d93488503f79df0c3082) Importer(2089858483,192608db42251d675da83286b1cce702)
Start importing Assets/Sprites/Plague Deck/urban_transmission.png using Guid(ddc5b04960b2d93488503f79df0c3082) Importer(2089858483,192608db42251d675da83286b1cce702) (ScriptedImporter) -> (artifact id: 'd58102063215d37946045b70938fe8a6') in 0.0153696 seconds
Number of updated asset objects reloaded before import = 0Number of asset objects unloaded after import = 1

========================================================================
Received Import Request.
  Time since last request: 111.745539 seconds.
  path: Assets/Materials/Human Deck 2/barricade_mat 2.mat
  artifactKey: Guid(b23c8816a5911954c8375929be5ee972) Importer(2089858483,192608db42251d675da83286b1cce702)
Start importing Assets/Materials/Human Deck 2/barricade_mat 2.mat using Guid(b23c8816a5911954c8375929be5ee972) Importer(2089858483,192608db42251d675da83286b1cce702) (ScriptedImporter) -> (artifact id: '38db94942885553b1be2f0709fa04fd5') in 0.0258963 seconds
Number of updated asset objects reloaded before import = 0Number of asset objects unloaded after import = 2

========================================================================
Received Import Request.
  Time since last request: 0.000018 seconds.
  path: Assets/Materials/Human Deck 2/barricade_mat 4.mat
  artifactKey: Guid(7aca2b19ec3ef7247b42581884a37fab) Importer(2089858483,192608db42251d675da83286b1cce702)
Start importing Assets/Materials/Human Deck 2/barricade_mat 4.mat using Guid(7aca2b19ec3ef7247b42581884a37fab) Importer(2089858483,192608db42251d675da83286b1cce702) (ScriptedImporter) -> (artifact id: '8da93c1de145989830e17ee62d9d8ee1') in 0.0109015 seconds
Number of updated asset objects reloaded before import = 0Number of asset objects unloaded after import = 2

========================================================================
Received Import Request.
  Time since last request: 0.000018 seconds.
  path: Assets/Materials/Human Deck 2/barricade_mat 7.mat
  artifactKey: Guid(6d86b621e04b3ba4c9e6f3cd4e38b671) Importer(2089858483,192608db42251d675da83286b1cce702)
Start importing Assets/Materials/Human Deck 2/barricade_mat 7.mat using Guid(6d86b621e04b3ba4c9e6f3cd4e38b671) Importer(2089858483,192608db42251d675da83286b1cce702) (ScriptedImporter) -> (artifact id: 'e00f90ac134baff16c3fb74dae155146') in 0.0119614 seconds
Number of updated asset objects reloaded before import = 0Number of asset objects unloaded after import = 2

========================================================================
Received Import Request.
  Time since last request: 0.000014 seconds.
  path: Assets/Materials/Human Deck 2/barricade_mat 6.mat
  artifactKey: Guid(593340a968192174085dc5343f271302) Importer(2089858483,192608db42251d675da83286b1cce702)
Start importing Assets/Materials/Human Deck 2/barricade_mat 6.mat using Guid(593340a968192174085dc5343f271302) Importer(2089858483,192608db42251d675da83286b1cce702) (ScriptedImporter) -> (artifact id: 'a145b21afe3720c7caf894430837ab33') in 0.0105564 seconds
Number of updated asset objects reloaded before import = 0Number of asset objects unloaded after import = 2

Editor requested this worker to shutdown with reason: Scaling down because of idle timeout
AssetImportWorker is now disconnected from the server
Process exiting
Exiting without the bug reporter. Application will terminate with return code 0